nohup: ignoring input
[2026-08-14 13:58:49.066770] Key 74DMSl... len=32
Universe 851
[1/851] SEZL +22 total=22
[2/851] CLBT +2 total=24
[3/851] BTDR +22 total=46
[4/851] TSLA +5 total=51
[5/851] AAL +3 total=54
[6/851] AAOI +20 total=74
[7/851] AAON +4 total=78
[8/851] AAP +4 total=82
[10/851] ABM +1 total=83
[11/851] ABNB +1 total=84
[12/851] ABR +3 total=87
[13/851] ABSI +13 total=100
[14/851] ABVX +1 total=101
[15/851] ACDC +10 total=111
[16/851] ACEL +1 total=112
[17/851] ACHC +5 total=117
[18/851] ACHR +8 total=125
[19/851] ACHV +4 total=129
[20/851] ACMR +2 total=131
[22/851] ACVA +1 total=132
[23/851] ADMA +3 total=135
[24/851] ADSE +4 total=139
[25/851] ADTN +5 total=144
[26/851] ADUR +2 total=146
[27/851] ADUS +1 total=147
[29/851] AEHR +12 total=159
[30/851] AEO +3 total=162
[31/851] AEVA +17 total=179
[32/851] AGIO +2 total=181
[33/851] AGL +12 total=193
[35/851] AGX +4 total=197
[36/851] AGYS +1 total=198
[37/851] AI +3 total=201
[38/851] AIN +1 total=202
[39/851] AIP +4 total=206
[41/851] ALAB +6 total=212
[42/851] ALB +4 total=216
[44/851] ALGT +4 total=220
[46/851] ALKT +1 total=221
[48/851] ALMS +13 total=234
[49/851] ALT +11 total=245
[50/851] ALX +0 total=245
[51/851] AMBA +3 total=248
[52/851] AMBP +1 total=249
[54/851] AMC +10 total=259
[55/851] AMLX +7 total=266
[56/851] AMN +4 total=270
[57/851] AMPL +2 total=272
[58/851] AMPX +18 total=290
[59/851] AMRC +8 total=298
[61/851] AMSC +9 total=307
[62/851] ANAB +6 total=313
[63/851] ANGO +3 total=316
[64/851] AOSL +8 total=324
[65/851] APEI +5 total=329
[66/851] APGE +4 total=333
[67/851] APLD +18 total=351
[68/851] APPS +14 total=365
[69/851] AR +2 total=367
[70/851] ARCB +4 total=371
[72/851] ARDT +2 total=373
[73/851] ARM +6 total=379
[74/851] ARQT +3 total=382
[75/851] ARRY +7 total=389
[76/851] ARTV +15 total=404
[77/851] ARVN +5 total=409
[78/851] ARW +1 total=410
[79/851] ARWR +10 total=420
[80/851] ASAN +5 total=425
[81/851] ASML +2 total=427
[82/851] ASPI +15 total=442
[83/851] ASPN +6 total=448
[84/851] ASST +56 total=504
[85/851] ASTH +3 total=507
[86/851] ASTS +14 total=521
[87/851] ASX +1 total=522
[88/851] ATAI +9 total=531
[90/851] ATI +2 total=533
[91/851] ATKR +4 total=537
[92/851] ATLC +3 total=540
[94/851] ATRO +3 total=543
[96/851] AUPH +2 total=545
[97/851] AUR +13 total=558
[98/851] AURA +2 total=560
[99/851] AVAH +5 total=565
[100/851] AVAV +3 total=568
[101/851] AVBP +1 total=569
[102/851] AVPT +1 total=570
[103/851] AVR +4 total=574
[105/851] AVTR +2 total=576
[106/851] AVTX +26 total=602
[107/851] AZTA +2 total=604
[108/851] BAH +2 total=606
[109/851] BALY +7 total=613
[110/851] BAND +4 total=617
[112/851] BBAI +13 total=630
[113/851] BBIO +1 total=631
[114/851] BBNX +1 total=632
[115/851] BBY +2 total=634
[116/851] BCAX +5 total=639
[117/851] BE +4 total=643
[118/851] BF.A +2 total=645
[119/851] BF.B +2 total=647
[120/851] BHC +3 total=650
[121/851] BHE +2 total=652
[122/851] BHVN +9 total=661
[123/851] BKD +2 total=663
[124/851] BKSY +10 total=673
[125/851] BKV +2 total=675
[126/851] BLMN +3 total=678
[127/851] BMI +1 total=679
[128/851] BMNR +56 total=735
[129/851] BRBR +1 total=736
[130/851] BRKR +2 total=738
[131/851] BRO +1 total=739
[133/851] BRZE +3 total=742
[134/851] BTBT +15 total=757
[137/851] BULL +2 total=759
[138/851] BUR +1 total=760
[139/851] BV +2 total=762
[140/851] BWIN +1 total=763
[141/851] BWMX +1 total=764
[142/851] BXC +1 total=765
[143/851] BZH +3 total=768
[144/851] CAC +1 total=769
[145/851] CACC +1 total=770
[148/851] CALM +2 total=772
[149/851] CAMT +4 total=776
[150/851] CAR +4 total=780
[151/851] CARR +1 total=781
[152/851] CARS +2 total=783
[153/851] CART +2 total=785
[154/851] CAVA +5 total=790
[155/851] CBIO +1 total=791
[156/851] CBLL +1 total=792
[157/851] CBRL +4 total=796
[158/851] CBZ +2 total=798
[161/851] CDNA +8 total=806
[162/851] CDNS +1 total=807
[163/851] CDRE +1 total=808
[164/851] CE +5 total=813
[165/851] CELC +3 total=816
[167/851] CENTA +1 total=817
[168/851] CERT +2 total=819
[170/851] CGEM +4 total=823
[171/851] CGNT +4 total=827
[173/851] CHE +2 total=829
[174/851] CHKP +1 total=830
[175/851] CHTR +2 total=832
[176/851] CHWY +2 total=834
[179/851] CIEN +4 total=838
[180/851] CIFR +23 total=861
[181/851] CIVB +1 total=862
[182/851] CLB +2 total=864
[183/851] CLF +5 total=869
[184/851] CLOV +4 total=873
[185/851] CLSK +13 total=886
[186/851] CMCO +3 total=889
[187/851] CMG +1 total=890
[188/851] CMP +1 total=891
[189/851] CMPS +7 total=898
[190/851] CNC +1 total=899
[191/851] CNL +2 total=901
[193/851] CNXC +4 total=905
[194/851] CNXN +1 total=906
[195/851] CODI +3 total=909
[196/851] COIN +4 total=913
[197/851] COLM +1 total=914
[198/851] COO +1 total=915
[199/851] CORZ +7 total=922
[200/851] CPAC +0 total=922
[201/851] CPRT +1 total=923
[203/851] CRCT +5 total=928
[204/851] CRI +6 total=934
[205/851] CRK +2 total=936
[206/851] CRL +2 total=938
[207/851] CRMD +3 total=941
[208/851] CRML +20 total=961
[209/851] CROX +2 total=963
[210/851] CRS +1 total=964
[211/851] CRSP +1 total=965
[213/851] CRVS +6 total=971
[215/851] CSIQ +9 total=980
[218/851] CTNM +9 total=989
[219/851] CVI +2 total=991
[220/851] CWH +4 total=995
[221/851] CYRX +11 total=1006
[222/851] DAKT +3 total=1009
[224/851] DAVE +12 total=1021
[225/851] DBVT +10 total=1031
[226/851] DCTH +1 total=1032
[227/851] DDI +6 total=1038
[228/851] DECK +3 total=1041
[229/851] DFIN +1 total=1042
[230/851] DGICB +1 total=1043
[231/851] DJT +10 total=1053
[232/851] DJTWW +17 total=1070
[233/851] DKS +2 total=1072
[234/851] DLTR +4 total=1076
[235/851] DNUT +5 total=1081
[236/851] DOCN +3 total=1084
[237/851] DOCS +1 total=1085
[238/851] DOCU +1 total=1086
[239/851] DOW +2 total=1088
[240/851] DQ +5 total=1093
[241/851] DRD +5 total=1098
[242/851] DRS +1 total=1099
[243/851] DRTS +1 total=1100
[244/851] DSGN +6 total=1106
[245/851] DSGX +1 total=1107
[246/851] DVA +2 total=1109
[247/851] DXC +2 total=1111
[249/851] DXYZ +14 total=1125
[250/851] DYN +8 total=1133
[251/851] ECVT +3 total=1136
[252/851] EDU +2 total=1138
[254/851] EGBN +4 total=1142
[255/851] EHC +1 total=1143
[256/851] EIX +2 total=1145
[257/851] ELF +6 total=1151
[258/851] ELV +3 total=1154
[259/851] ELVN +4 total=1158
[262/851] ENOV +1 total=1159
[263/851] ENPH +7 total=1166
[264/851] ENS +2 total=1168
[265/851] ENTG +2 total=1170
[266/851] ENVX +8 total=1178
[267/851] EOLS +2 total=1180
[268/851] EOSE +12 total=1192
[269/851] EPC +1 total=1193
[272/851] ESBA +1 total=1194
[273/851] ESTA +8 total=1202
[274/851] ESTC +4 total=1206
[275/851] ETON +3 total=1209
[277/851] EVER +3 total=1212
[278/851] EVEX +4 total=1216
[279/851] EVO +7 total=1223
[280/851] EWTX +8 total=1231
[281/851] EXEL +1 total=1232
[282/851] EXK +4 total=1236
[284/851] EYPT +6 total=1242
[287/851] FBRX +22 total=1264
[288/851] FCEL +13 total=1277
[289/851] FCX +2 total=1279
[290/851] FDMT +13 total=1292
[291/851] FEIM +2 total=1294
[292/851] FICO +2 total=1296
[294/851] FIP +3 total=1299
[295/851] FIS +1 total=1300
[296/851] FLNC +11 total=1311
[297/851] FLOC +1 total=1312
[298/851] FLR +3 total=1315
[300/851] FMBH +0 total=1315
[301/851] FORM +5 total=1320
[303/851] FOUR +2 total=1322
[304/851] FOXF +4 total=1326
[305/851] FROG +2 total=1328
[306/851] FSLR +2 total=1330
[307/851] FSLY +8 total=1338
[308/851] FSM +4 total=1342
[309/851] FTDR +2 total=1344
[310/851] FTK +4 total=1348
[311/851] FTNT +1 total=1349
[312/851] FTRE +8 total=1357
[313/851] FUN +1 total=1358
[314/851] GAP +2 total=1360
[315/851] GDDY +1 total=1361
[316/851] GDRX +5 total=1366
[317/851] GDS +10 total=1376
[319/851] GEO +1 total=1377
[320/851] GFF +1 total=1378
[322/851] GH +2 total=1380
[323/851] GHM +1 total=1381
[324/851] GHRS +9 total=1390
[325/851] GIII +4 total=1394
[326/851] GILT +2 total=1396
[327/851] GKOS +3 total=1399
[328/851] GLBE +5 total=1404
[329/851] GLOB +4 total=1408
[330/851] GLUE +11 total=1419
[332/851] GME +17 total=1436
[335/851] GRAL +10 total=1446
[336/851] GRDN +1 total=1447
[337/851] GRND +1 total=1448
[338/851] GROY +2 total=1450
[339/851] GRPN +4 total=1454
[340/851] GSHD +5 total=1459
[342/851] GT +2 total=1461
[343/851] GTLB +4 total=1465
[345/851] GTN.A +8 total=1473
[346/851] GTX +2 total=1475
[348/851] GYRE +16 total=1491
[349/851] HAE +2 total=1493
[350/851] HAFC +1 total=1494
[352/851] HCC +1 total=1495
[353/851] HCM +1 total=1496
[355/851] HELE +8 total=1504
[358/851] HIMS +8 total=1512
[359/851] HIMX +3 total=1515
[360/851] HLF +1 total=1516
[361/851] HLIT +3 total=1519
[362/851] HLNE +1 total=1520
[363/851] HLX +4 total=1524
[366/851] HNRG +6 total=1530
[367/851] HNST +3 total=1533
[368/851] HOV +4 total=1537
[369/851] HPK +3 total=1540
[370/851] HPQ +2 total=1542
[371/851] HRI +1 total=1543
[372/851] HROW +2 total=1545
[373/851] HRTG +5 total=1550
[374/851] HSAI +8 total=1558
[375/851] HSIC +0 total=1558
[376/851] HUN +1 total=1559
[377/851] HURN +1 total=1560
[378/851] HUT +21 total=1581
[379/851] HUYA +6 total=1587
[380/851] HWM +1 total=1588
[381/851] HY +5 total=1593
[382/851] HYMC +9 total=1602
[383/851] HZO +3 total=1605
[384/851] IART +4 total=1609
[386/851] IBRX +14 total=1623
[387/851] ICHR +7 total=1630
[388/851] ICUI +1 total=1631
[389/851] IE +4 total=1635
[391/851] IHS +5 total=1640
[392/851] IIPR +3 total=1643
[394/851] ILPT +1 total=1644
[395/851] IMTX +2 total=1646
[396/851] IMVT +4 total=1650
[397/851] INDI +5 total=1655
[398/851] INOD +19 total=1674
[399/851] INSP +6 total=1680
[400/851] INTC +3 total=1683
[401/851] IONQ +9 total=1692
[402/851] IOT +3 total=1695
[403/851] IOVA +8 total=1703
[406/851] IPX +2 total=1705
[407/851] IR +1 total=1706
[408/851] IRDM +2 total=1708
[414/851] IVA +7 total=1715
[415/851] JANX +8 total=1723
[418/851] JMIA +8 total=1731
[419/851] JOBY +2 total=1733
[420/851] KARO +6 total=1739
[421/851] KC +13 total=1752
[422/851] KD +1 total=1753
[423/851] KEP +1 total=1754
[425/851] KFRC +2 total=1756
[426/851] KIDS +2 total=1758
[427/851] KLC +2 total=1760
[428/851] KMPR +1 total=1761
[431/851] KOD +15 total=1776
[432/851] KODK +5 total=1781
[433/851] KOP +1 total=1782
[434/851] KRMN +1 total=1783
[435/851] KRNT +1 total=1784
[436/851] KRO +1 total=1785
[437/851] KRT +4 total=1789
[438/851] KRUS +6 total=1795
[439/851] KRYS +2 total=1797
[440/851] KSS +6 total=1803
[441/851] KURA +2 total=1805
[442/851] LAC +4 total=1809
[443/851] LAES +34 total=1843
[445/851] LB +5 total=1848
[446/851] LBRDA +2 total=1850
[447/851] LBRDK +2 total=1852
[448/851] LCID +5 total=1857
[449/851] LEG +3 total=1860
[450/851] LEGN +2 total=1862
[451/851] LEU +8 total=1870
[453/851] LKQ +4 total=1874
[454/851] LLY +1 total=1875
[455/851] LMB +3 total=1878
[456/851] LMND +7 total=1885
[457/851] LMT +1 total=1886
[458/851] LNTH +3 total=1889
[459/851] LOAR +1 total=1890
[461/851] LPG +3 total=1893
[463/851] LQDA +3 total=1896
[465/851] LU +10 total=1906
[466/851] LULU +3 total=1909
[467/851] LUMN +8 total=1917
[468/851] LUV +3 total=1920
[469/851] LXU +2 total=1922
[470/851] LYB +1 total=1923
[472/851] MARA +16 total=1939
[473/851] MAT +2 total=1941
[474/851] MAX +5 total=1946
[475/851] MAZE +2 total=1948
[476/851] MBIN +4 total=1952
[477/851] MBX +8 total=1960
[478/851] MDXG +2 total=1962
[479/851] MEC +1 total=1963
[480/851] MEDP +1 total=1964
[481/851] MEI +5 total=1969
[482/851] MESO +7 total=1976
[483/851] METC +9 total=1985
[485/851] MGTX +2 total=1987
[488/851] MIR +1 total=1988
[489/851] MKTX +1 total=1989
[490/851] MLAB +6 total=1995
[491/851] MLR +2 total=1997
[492/851] MLTX +2 total=1999
[494/851] MMSI +3 total=2002
[495/851] MMYT +3 total=2005
[496/851] MNDY +3 total=2008
[497/851] MNKD +3 total=2011
[498/851] MNPR +35 total=2046
[499/851] MNSO +7 total=2053
[500/851] MNTN +2 total=2055
[501/851] MOD +6 total=2061
[502/851] MOH +5 total=2066
[504/851] MOV +3 total=2069
[505/851] MP +2 total=2071
[506/851] MRNA +5 total=2076
[507/851] MRX +1 total=2077
[509/851] MTSI +3 total=2080
[510/851] MTW +1 total=2081
[511/851] MTZ +2 total=2083
[512/851] MUSA +1 total=2084
[513/851] MYE +3 total=2087
[514/851] NATL +1 total=2088
[515/851] NB +9 total=2097
[516/851] NBIS +8 total=2105
[517/851] NBR +3 total=2108
[518/851] NBTX +7 total=2115
[520/851] NEO +7 total=2122
[521/851] NEOG +4 total=2126
[522/851] NESR +3 total=2129
[523/851] NGL +3 total=2132
[524/851] NGNE +16 total=2148
[525/851] NGVC +2 total=2150
[526/851] NKTR +6 total=2156
[528/851] NN +4 total=2160
[529/851] NNE +15 total=2175
[530/851] NOAH +3 total=2178
[531/851] NOG +2 total=2180
[532/851] NOV +3 total=2183
[533/851] NRDS +2 total=2185
[534/851] NRG +1 total=2186
[535/851] NSIT +2 total=2188
[536/851] NSP +2 total=2190
[537/851] NTGR +2 total=2192
[538/851] NTLA +8 total=2200
[539/851] NUTX +20 total=2220
[540/851] NVCR +5 total=2225
[541/851] NVCT +10 total=2235
[542/851] NVEC +2 total=2237
[543/851] NVO +2 total=2239
[544/851] NVRI +4 total=2243
[545/851] NVTS +14 total=2257
[546/851] NWL +3 total=2260
[547/851] NXT +1 total=2261
[549/851] OCUL +8 total=2269
[550/851] ODD +3 total=2272
[551/851] ODFL +1 total=2273
[552/851] OGCP +2 total=2275
[553/851] OGN +2 total=2277
[554/851] OI +1 total=2278
[555/851] OIS +4 total=2282
[556/851] OKLO +9 total=2291
[557/851] OKTA +2 total=2293
[558/851] OLMA +10 total=2303
[559/851] OLN +2 total=2305
[561/851] OMER +15 total=2320
[562/851] ON +3 total=2323
[563/851] ONDS +24 total=2347
[564/851] OPEN +12 total=2359
[565/851] OPFI +5 total=2364
[566/851] ORIC +6 total=2370
[567/851] ORKA +6 total=2376
[568/851] OSCR +5 total=2381
[569/851] OSPN +3 total=2384
[570/851] OTIS +1 total=2385
[571/851] OUST +7 total=2392
[572/851] OXM +2 total=2394
[574/851] PARR +1 total=2395
[575/851] PAYS +0 total=2395
[577/851] PBF +3 total=2398
[579/851] PCOR +3 total=2401
[580/851] PCVX +3 total=2404
[581/851] PD +1 total=2405
[582/851] PDD +3 total=2408
[583/851] PDFS +2 total=2410
[584/851] PHAR +5 total=2415
[585/851] PHAT +13 total=2428
[586/851] PHVS +7 total=2435
[587/851] PINS +3 total=2438
[589/851] PLAB +3 total=2441
[593/851] PLTK +3 total=2444
[594/851] PLXS +3 total=2447
[595/851] PNFP +2 total=2449
[596/851] PNTG +1 total=2450
[597/851] POET +16 total=2466
[598/851] PONY +9 total=2475
[599/851] POWI +1 total=2476
[600/851] POWL +6 total=2482
[601/851] PPTA +7 total=2489
[602/851] PRAX +9 total=2498
[603/851] PRCH +18 total=2516
[605/851] PRGO +1 total=2517
[606/851] PRGS +1 total=2518
[608/851] PRME +18 total=2536
[609/851] PSIX +18 total=2554
[611/851] PSNL +13 total=2567
[613/851] PTCT +3 total=2570
[614/851] PTON +6 total=2576
[615/851] PUBM +3 total=2579
[616/851] PUMP +5 total=2584
[617/851] PVH +3 total=2587
[618/851] PYPL +2 total=2589
[619/851] QMCO +43 total=2632
[620/851] QS +4 total=2636
[621/851] QTWO +1 total=2637
[622/851] QUAD +3 total=2640
[623/851] QUBT +16 total=2656
[624/851] QURE +12 total=2668
[625/851] QXO +0 total=2668
[627/851] RAMP +1 total=2669
[628/851] RAPP +8 total=2677
[629/851] RARE +1 total=2678
[630/851] RBRK +1 total=2679
[631/851] RCAT +19 total=2698
[632/851] RCUS +2 total=2700
[633/851] RDDT +6 total=2706
[634/851] RDW +12 total=2718
[636/851] REGN +1 total=2719
[637/851] REPL +9 total=2728
[638/851] RERE +5 total=2733
[639/851] RES +2 total=2735
[641/851] RGC +52 total=2787
[643/851] RGNX +7 total=2794
[644/851] RGTI +19 total=2813
[645/851] RHLD +1 total=2814
[646/851] RIOT +11 total=2825
[647/851] RLAY +5 total=2830
[648/851] ROCK +1 total=2831
[649/851] ROK +1 total=2832
[650/851] ROKU +5 total=2837
[651/851] ROMA +8 total=2845
[652/851] ROOT +10 total=2855
[654/851] RPD +1 total=2856
[655/851] RS +1 total=2857
[656/851] RUN +11 total=2868
[657/851] RVLV +2 total=2870
[658/851] RVTY +1 total=2871
[659/851] RXRX +14 total=2885
[660/851] RYAM +2 total=2887
[661/851] RZLV +18 total=2905
[662/851] S +5 total=2910
[663/851] SABR +7 total=2917
[664/851] SAH +1 total=2918
[665/851] SAIC +3 total=2921
[667/851] SANA +20 total=2941
[668/851] SATL +19 total=2960
[670/851] SBET +32 total=2992
[671/851] SBGI +1 total=2993
[673/851] SDGR +3 total=2996
[674/851] SEDG +14 total=3010
[675/851] SEI +8 total=3018
[676/851] SEPN +4 total=3022
[677/851] SG +8 total=3030
[679/851] SGML +4 total=3034
[680/851] SGMT +24 total=3058
[681/851] SGRY +2 total=3060
[682/851] SHAK +2 total=3062
[683/851] SHEN +4 total=3066
[684/851] SHLS +12 total=3078
[685/851] SHOO +1 total=3079
[686/851] SIBN +2 total=3081
[687/851] SIFY +11 total=3092
[688/851] SIGI +3 total=3095
[689/851] SIRI +2 total=3097
[690/851] SITM +8 total=3105
[691/851] SJM +1 total=3106
[692/851] SKY +1 total=3107
[693/851] SLAB +3 total=3110
[694/851] SLDB +17 total=3127
[696/851] SLDP +5 total=3132
[698/851] SLN +7 total=3139
[699/851] SLVM +1 total=3140
[700/851] SMCI +18 total=3158
[701/851] SMG +1 total=3159
[702/851] SMMT +19 total=3178
[703/851] SMR +16 total=3194
[704/851] SMWB +3 total=3197
[705/851] SNAP +4 total=3201
[708/851] SNPS +1 total=3202
[709/851] SOC +6 total=3208
[710/851] SOPH +8 total=3216
[711/851] SPIR +9 total=3225
[712/851] SPOT +1 total=3226
[713/851] SPRY +3 total=3229
[714/851] SPSC +2 total=3231
[715/851] SRAD +1 total=3232
[716/851] SRPT +6 total=3238
[717/851] SRRK +6 total=3244
[718/851] SSII +32 total=3276
[719/851] SSL +2 total=3278
[721/851] STGW +2 total=3280
[722/851] STM +4 total=3284
[723/851] STVN +1 total=3285
[724/851] SUPV +2 total=3287
[725/851] SVC +3 total=3290
[726/851] SVM +3 total=3293
[727/851] SWBI +4 total=3297
[728/851] SWIM +7 total=3304
[729/851] SWK +1 total=3305
[730/851] SXC +1 total=3306
[731/851] SYM +7 total=3313
[732/851] SYRE +7 total=3320
[733/851] TALK +2 total=3322
[734/851] TATT +4 total=3326
[735/851] TBBK +4 total=3330
[739/851] TDTH +18 total=3348
[741/851] TECX +6 total=3354
[742/851] TEM +12 total=3366
[743/851] TGB +3 total=3369
[744/851] TGTX +3 total=3372
[745/851] TH +4 total=3376
[746/851] THC +1 total=3377
[747/851] TIGR +10 total=3387
[748/851] TIPT +2 total=3389
[749/851] TK +2 total=3391
[750/851] TKR +1 total=3392
[751/851] TLRY +7 total=3399
[752/851] TLX +2 total=3401
[753/851] TMC +8 total=3409
[754/851] TMDX +2 total=3411
[755/851] TNDM +4 total=3415
[756/851] TNGX +6 total=3421
[757/851] TOP +6 total=3427
[760/851] TRON +3 total=3430
[761/851] TROX +6 total=3436
[762/851] TRVI +2 total=3438
[763/851] TSAT +1 total=3439
[765/851] TTD +5 total=3444
[766/851] TVTX +3 total=3447
[767/851] TWLO +3 total=3450
[768/851] TWST +1 total=3451
[769/851] TXN +1 total=3452
[770/851] TXO +1 total=3453
[771/851] TYRA +3 total=3456
[772/851] U +3 total=3459
[773/851] UA +3 total=3462
[774/851] UAA +3 total=3465
[775/851] UAMY +11 total=3476
[776/851] UEC +4 total=3480
[777/851] UFPT +3 total=3483
[778/851] UHS +1 total=3484
[779/851] ULCC +6 total=3490
[780/851] ULH +7 total=3497
[782/851] UMAC +24 total=3521
[783/851] UNF +2 total=3523
[784/851] UNFI +2 total=3525
[785/851] UNH +3 total=3528
[786/851] UNIT +3 total=3531
[787/851] UNM +2 total=3533
[789/851] UPS +3 total=3536
[790/851] UPST +10 total=3546
[791/851] URGN +4 total=3550
[792/851] USAR +2 total=3552
[794/851] UTHR +2 total=3554
[797/851] UVE +1 total=3555
[799/851] VEON +2 total=3557
[800/851] VERA +5 total=3562
[801/851] VERX +1 total=3563
[802/851] VFC +6 total=3569
[803/851] VG +1 total=3570
[804/851] VICR +5 total=3575
[805/851] VIR +4 total=3579
[806/851] VKTX +10 total=3589
[807/851] VNET +12 total=3601
[808/851] VOR +13 total=3614
[810/851] VRDN +2 total=3616
[812/851] VRT +6 total=3622
[814/851] VRTX +2 total=3624
[815/851] VSAT +9 total=3633
[816/851] VSH +2 total=3635
[817/851] VSTM +8 total=3643
[818/851] VSTS +5 total=3648
[819/851] VTEX +2 total=3650
[820/851] VVX +2 total=3652
[821/851] VYX +1 total=3653
[822/851] VZLA +3 total=3656
[823/851] WAT +1 total=3657
[824/851] WBTN +3 total=3660
[825/851] WDAY +2 total=3662
[827/851] WGO +1 total=3663
[828/851] WHD +1 total=3664
[829/851] WHR +3 total=3667
[830/851] WIX +1 total=3668
[832/851] WLYB +2 total=3670
[833/851] WMS +1 total=3671
[834/851] WNC +1 total=3672
[835/851] WOLF +31 total=3703
[836/851] WOOF +8 total=3711
[837/851] WPP +2 total=3713
[838/851] WRD +9 total=3722
[839/851] WRLD +1 total=3723
[840/851] WSC +3 total=3726
[841/851] WSM +2 total=3728
[843/851] WULF +25 total=3753
[845/851] YALA +1 total=3754
[847/851] YETI +2 total=3756
[848/851] ZBIO +7 total=3763
[849/851] ZBRA +1 total=3764
[850/851] ZLAB +3 total=3767
[851/851] ZVRA +3 total=3770
Done 3770
(3770, '2023-10-30', '2025-07-29', 706)
SWAPPED FINAL (3770,)
nohup: ignoring input
Key 74DMSl len=32
Traceback (most recent call last):
  File "/var/www/huntorharvest/rebuild_resume.py", line 23, in <module>
    done_tickers=set(r[0] for r in cur.execute("SELECT DISTINCT ticker FROM all_drops_new").fetchall())
                                   ^^^^^^^^^^^^^^^^^^^^^^^^^^^^^^^^^^^^^^^^^^^^^^^^^^^^^^^^
sqlite3.OperationalError: no such table: all_drops_new
